Analysis & Synthesis report for target1
Wed Jun 10 09:24:30 2026
Quartus Prime Version 25.1std.0 Build 1129 10/21/2025 SC Lite Edition


---------------------
; Table of Contents ;
---------------------
  1. Legal Notice
  2. Analysis & Synthesis Summary
  3. Analysis & Synthesis Settings
  4. Parallel Compilation
  5. Analysis & Synthesis Source Files Read
  6. Analysis & Synthesis Resource Usage Summary
  7. Analysis & Synthesis Resource Utilization by Entity
  8. General Register Statistics
  9. Multiplexer Restructuring Statistics (Restructuring Performed)
 10. Parameter Settings for Inferred Entity Instance: lpm_divide:Div0
 11. Port Connectivity Checks: "alu8:ALU_SLT"
 12. Port Connectivity Checks: "alu8:ALU_SUBBA"
 13. Port Connectivity Checks: "alu8:ALU_SUBAB"
 14. Port Connectivity Checks: "alu8:ALU_AND"
 15. Port Connectivity Checks: "alu8:ALU_ADD|alu1:\GEN_ALU:8:ALU_LAST:ALU_LAST_INST"
 16. Port Connectivity Checks: "alu8:ALU_ADD|alu1:\GEN_ALU:7:ALU_MSB:ALU_MSB_INST"
 17. Port Connectivity Checks: "alu8:ALU_ADD|alu1:\GEN_ALU:6:ALU_MIDDLE:ALU_MIDDLE_INST"
 18. Port Connectivity Checks: "alu8:ALU_ADD|alu1:\GEN_ALU:5:ALU_MIDDLE:ALU_MIDDLE_INST"
 19. Port Connectivity Checks: "alu8:ALU_ADD|alu1:\GEN_ALU:4:ALU_MIDDLE:ALU_MIDDLE_INST"
 20. Port Connectivity Checks: "alu8:ALU_ADD|alu1:\GEN_ALU:3:ALU_MIDDLE:ALU_MIDDLE_INST"
 21. Port Connectivity Checks: "alu8:ALU_ADD|alu1:\GEN_ALU:2:ALU_MIDDLE:ALU_MIDDLE_INST"
 22. Port Connectivity Checks: "alu8:ALU_ADD|alu1:\GEN_ALU:1:ALU_MIDDLE:ALU_MIDDLE_INST"
 23. Port Connectivity Checks: "alu8:ALU_ADD|alu1:\GEN_ALU:0:ALU_LSB:ALU_LSB_INST"
 24. Port Connectivity Checks: "alu8:ALU_ADD"
 25. Post-Synthesis Netlist Statistics for Top Partition
 26. Elapsed Time Per Partition
 27. Analysis & Synthesis Messages



----------------
; Legal Notice ;
----------------
Copyright (C) 2025  Altera Corporation. All rights reserved.
Your use of Altera Corporation's design tools, logic functions 
and other software and tools, and any partner logic 
functions, and any output files from any of the foregoing 
(including device programming or simulation files), and any 
associated documentation or information are expressly subject 
to the terms and conditions of the Altera Program License 
Subscription Agreement, the Altera Quartus Prime License Agreement,
the Altera IP License Agreement, or other applicable license
agreement, including, without limitation, that your use is for
the sole purpose of programming logic devices manufactured by
Altera and sold by Altera or its authorized distributors.  Please
refer to the Altera Software License Subscription Agreements 
on the Quartus Prime software download page.



+--------------------------------------------------------------------------------------+
; Analysis & Synthesis Summary                                                         ;
+------------------------------------+-------------------------------------------------+
; Analysis & Synthesis Status        ; Successful - Wed Jun 10 09:24:30 2026           ;
; Quartus Prime Version              ; 25.1std.0 Build 1129 10/21/2025 SC Lite Edition ;
; Revision Name                      ; target1                                         ;
; Top-level Entity Name              ; target1                                         ;
; Family                             ; Cyclone IV E                                    ;
; Total logic elements               ; 274                                             ;
;     Total combinational functions  ; 250                                             ;
;     Dedicated logic registers      ; 32                                              ;
; Total registers                    ; 32                                              ;
; Total pins                         ; 76                                              ;
; Total virtual pins                 ; 0                                               ;
; Total memory bits                  ; 0                                               ;
; Embedded Multiplier 9-bit elements ; 0                                               ;
; Total PLLs                         ; 0                                               ;
+------------------------------------+-------------------------------------------------+


+------------------------------------------------------------------------------------------------------------+
; Analysis & Synthesis Settings                                                                              ;
+------------------------------------------------------------------+--------------------+--------------------+
; Option                                                           ; Setting            ; Default Value      ;
+------------------------------------------------------------------+--------------------+--------------------+
; Device                                                           ; EP4CE115F29C7      ;                    ;
; Top-level entity name                                            ; target1            ; target1            ;
; Family name                                                      ; Cyclone IV E       ; Cyclone V          ;
; Use smart compilation                                            ; Off                ; Off                ;
; Enable parallel Assembler and Timing Analyzer during compilation ; On                 ; On                 ;
; Enable compact report table                                      ; Off                ; Off                ;
; Restructure Multiplexers                                         ; Auto               ; Auto               ;
; Create Debugging Nodes for IP Cores                              ; Off                ; Off                ;
; Preserve fewer node names                                        ; On                 ; On                 ;
; Intel FPGA IP Evaluation Mode                                    ; Enable             ; Enable             ;
; Verilog Version                                                  ; Verilog_2001       ; Verilog_2001       ;
; VHDL Version                                                     ; VHDL_1993          ; VHDL_1993          ;
; State Machine Processing                                         ; Auto               ; Auto               ;
; Safe State Machine                                               ; Off                ; Off                ;
; Extract Verilog State Machines                                   ; On                 ; On                 ;
; Extract VHDL State Machines                                      ; On                 ; On                 ;
; Ignore Verilog initial constructs                                ; Off                ; Off                ;
; Iteration limit for constant Verilog loops                       ; 5000               ; 5000               ;
; Iteration limit for non-constant Verilog loops                   ; 250                ; 250                ;
; Add Pass-Through Logic to Inferred RAMs                          ; On                 ; On                 ;
; Infer RAMs from Raw Logic                                        ; On                 ; On                 ;
; Parallel Synthesis                                               ; On                 ; On                 ;
; DSP Block Balancing                                              ; Auto               ; Auto               ;
; NOT Gate Push-Back                                               ; On                 ; On                 ;
; Power-Up Don't Care                                              ; On                 ; On                 ;
; Remove Redundant Logic Cells                                     ; Off                ; Off                ;
; Remove Duplicate Registers                                       ; On                 ; On                 ;
; Ignore CARRY Buffers                                             ; Off                ; Off                ;
; Ignore CASCADE Buffers                                           ; Off                ; Off                ;
; Ignore GLOBAL Buffers                                            ; Off                ; Off                ;
; Ignore ROW GLOBAL Buffers                                        ; Off                ; Off                ;
; Ignore LCELL Buffers                                             ; Off                ; Off                ;
; Ignore SOFT Buffers                                              ; On                 ; On                 ;
; Limit AHDL Integers to 32 Bits                                   ; Off                ; Off                ;
; Optimization Technique                                           ; Balanced           ; Balanced           ;
; Carry Chain Length                                               ; 70                 ; 70                 ;
; Auto Carry Chains                                                ; On                 ; On                 ;
; Auto Open-Drain Pins                                             ; On                 ; On                 ;
; Perform WYSIWYG Primitive Resynthesis                            ; Off                ; Off                ;
; Auto ROM Replacement                                             ; On                 ; On                 ;
; Auto RAM Replacement                                             ; On                 ; On                 ;
; Auto DSP Block Replacement                                       ; On                 ; On                 ;
; Auto Shift Register Replacement                                  ; Auto               ; Auto               ;
; Allow Shift Register Merging across Hierarchies                  ; Auto               ; Auto               ;
; Auto Clock Enable Replacement                                    ; On                 ; On                 ;
; Strict RAM Replacement                                           ; Off                ; Off                ;
; Allow Synchronous Control Signals                                ; On                 ; On                 ;
; Force Use of Synchronous Clear Signals                           ; Off                ; Off                ;
; Auto RAM Block Balancing                                         ; On                 ; On                 ;
; Auto RAM to Logic Cell Conversion                                ; Off                ; Off                ;
; Auto Resource Sharing                                            ; Off                ; Off                ;
; Allow Any RAM Size For Recognition                               ; Off                ; Off                ;
; Allow Any ROM Size For Recognition                               ; Off                ; Off                ;
; Allow Any Shift Register Size For Recognition                    ; Off                ; Off                ;
; Use LogicLock Constraints during Resource Balancing              ; On                 ; On                 ;
; Ignore translate_off and synthesis_off directives                ; Off                ; Off                ;
; Timing-Driven Synthesis                                          ; On                 ; On                 ;
; Report Parameter Settings                                        ; On                 ; On                 ;
; Report Source Assignments                                        ; On                 ; On                 ;
; Report Connectivity Checks                                       ; On                 ; On                 ;
; Ignore Maximum Fan-Out Assignments                               ; Off                ; Off                ;
; Synchronization Register Chain Length                            ; 2                  ; 2                  ;
; Power Optimization During Synthesis                              ; Normal compilation ; Normal compilation ;
; HDL message level                                                ; Level2             ; Level2             ;
; Suppress Register Optimization Related Messages                  ; Off                ; Off                ;
; Number of Removed Registers Reported in Synthesis Report         ; 5000               ; 5000               ;
; Number of Swept Nodes Reported in Synthesis Report               ; 5000               ; 5000               ;
; Number of Inverted Registers Reported in Synthesis Report        ; 100                ; 100                ;
; Clock MUX Protection                                             ; On                 ; On                 ;
; Auto Gated Clock Conversion                                      ; Off                ; Off                ;
; Block Design Naming                                              ; Auto               ; Auto               ;
; SDC constraint protection                                        ; Off                ; Off                ;
; Synthesis Effort                                                 ; Auto               ; Auto               ;
; Shift Register Replacement - Allow Asynchronous Clear Signal     ; On                 ; On                 ;
; Pre-Mapping Resynthesis Optimization                             ; Off                ; Off                ;
; Analysis & Synthesis Message Level                               ; Medium             ; Medium             ;
; Disable Register Merging Across Hierarchies                      ; Auto               ; Auto               ;
; Resource Aware Inference For Block RAM                           ; On                 ; On                 ;
+------------------------------------------------------------------+--------------------+--------------------+


+------------------------------------------+
; Parallel Compilation                     ;
+----------------------------+-------------+
; Processors                 ; Number      ;
+----------------------------+-------------+
; Number detected on machine ; 28          ;
; Maximum allowed            ; 16          ;
;                            ;             ;
; Average used               ; 1.00        ;
; Maximum used               ; 16          ;
;                            ;             ;
; Usage by Processor         ; % Time Used ;
;     Processor 1            ; 100.0%      ;
;     Processors 2-16        ;   0.0%      ;
+----------------------------+-------------+


+--------------------------------------------------------------------------------------------------------------------------------------------------------------------------+
; Analysis & Synthesis Source Files Read                                                                                                                                   ;
+----------------------------------+-----------------+------------------------------+----------------------------------------------------------------------------+---------+
; File Name with User-Entered Path ; Used in Netlist ; File Type                    ; File Name with Absolute Path                                               ; Library ;
+----------------------------------+-----------------+------------------------------+----------------------------------------------------------------------------+---------+
; adder_pkg.vhd                    ; yes             ; User VHDL File               ; C:/Users/User/micro2026/Lab09/target1/adder_pkg.vhd                        ;         ;
; shift_reg_pkg.vhd                ; yes             ; User VHDL File               ; C:/Users/User/micro2026/Lab09/target1/shift_reg_pkg.vhd                    ;         ;
; sevenseg_pkg.vhd                 ; yes             ; User VHDL File               ; C:/Users/User/micro2026/Lab09/target1/sevenseg_pkg.vhd                     ;         ;
; divider_pkg.vhd                  ; yes             ; User VHDL File               ; C:/Users/User/micro2026/Lab09/target1/divider_pkg.vhd                      ;         ;
; alu_pkg.vhd                      ; yes             ; User VHDL File               ; C:/Users/User/micro2026/Lab09/target1/alu_pkg.vhd                          ;         ;
; target1.vhd                      ; yes             ; User VHDL File               ; C:/Users/User/micro2026/Lab09/target1/target1.vhd                          ;         ;
; lpm_divide.tdf                   ; yes             ; Megafunction                 ; c:/altera_lite/25.1std/quartus/libraries/megafunctions/lpm_divide.tdf      ;         ;
; abs_divider.inc                  ; yes             ; Megafunction                 ; c:/altera_lite/25.1std/quartus/libraries/megafunctions/abs_divider.inc     ;         ;
; sign_div_unsign.inc              ; yes             ; Megafunction                 ; c:/altera_lite/25.1std/quartus/libraries/megafunctions/sign_div_unsign.inc ;         ;
; aglobal251.inc                   ; yes             ; Megafunction                 ; c:/altera_lite/25.1std/quartus/libraries/megafunctions/aglobal251.inc      ;         ;
; db/lpm_divide_nhm.tdf            ; yes             ; Auto-Generated Megafunction  ; C:/Users/User/micro2026/Lab09/target1/db/lpm_divide_nhm.tdf                ;         ;
; db/sign_div_unsign_fkh.tdf       ; yes             ; Auto-Generated Megafunction  ; C:/Users/User/micro2026/Lab09/target1/db/sign_div_unsign_fkh.tdf           ;         ;
; db/alt_u_div_i4f.tdf             ; yes             ; Auto-Generated Megafunction  ; C:/Users/User/micro2026/Lab09/target1/db/alt_u_div_i4f.tdf                 ;         ;
; db/add_sub_7pc.tdf               ; yes             ; Auto-Generated Megafunction  ; C:/Users/User/micro2026/Lab09/target1/db/add_sub_7pc.tdf                   ;         ;
; db/add_sub_8pc.tdf               ; yes             ; Auto-Generated Megafunction  ; C:/Users/User/micro2026/Lab09/target1/db/add_sub_8pc.tdf                   ;         ;
+----------------------------------+-----------------+------------------------------+----------------------------------------------------------------------------+---------+


+------------------------------------------------------------+
; Analysis & Synthesis Resource Usage Summary                ;
+---------------------------------------------+--------------+
; Resource                                    ; Usage        ;
+---------------------------------------------+--------------+
; Estimated Total logic elements              ; 274          ;
;                                             ;              ;
; Total combinational functions               ; 250          ;
; Logic element usage by number of LUT inputs ;              ;
;     -- 4 input functions                    ; 153          ;
;     -- 3 input functions                    ; 78           ;
;     -- <=2 input functions                  ; 19           ;
;                                             ;              ;
; Logic elements by mode                      ;              ;
;     -- normal mode                          ; 217          ;
;     -- arithmetic mode                      ; 33           ;
;                                             ;              ;
; Total registers                             ; 32           ;
;     -- Dedicated logic registers            ; 32           ;
;     -- I/O registers                        ; 0            ;
;                                             ;              ;
; I/O pins                                    ; 76           ;
;                                             ;              ;
; Embedded Multiplier 9-bit elements          ; 0            ;
;                                             ;              ;
; Maximum fan-out node                        ; KEY[0]~input ;
; Maximum fan-out                             ; 32           ;
; Total fan-out                               ; 1134         ;
; Average fan-out                             ; 2.61         ;
+---------------------------------------------+--------------+


+-------------------------------------------------------------------------------------------------------------------------------------------------------------------------------------------------------------------------------------------------------------------------------------------------------------------------------+
; Analysis & Synthesis Resource Utilization by Entity                                                                                                                                                                                                                                                                           ;
+----------------------------------------------------+---------------------+---------------------------+-------------+--------------+---------+-----------+------+--------------+----------------------------------------------------------------------------------------------------------+---------------------+--------------+
; Compilation Hierarchy Node                         ; Combinational ALUTs ; Dedicated Logic Registers ; Memory Bits ; DSP Elements ; DSP 9x9 ; DSP 18x18 ; Pins ; Virtual Pins ; Full Hierarchy Name                                                                                      ; Entity Name         ; Library Name ;
+----------------------------------------------------+---------------------+---------------------------+-------------+--------------+---------+-----------+------+--------------+----------------------------------------------------------------------------------------------------------+---------------------+--------------+
; |target1                                           ; 250 (103)           ; 32 (32)                   ; 0           ; 0            ; 0       ; 0         ; 76   ; 0            ; |target1                                                                                                 ; target1             ; work         ;
;    |alu8:ALU_ADD|                                  ; 5 (0)               ; 0 (0)                     ; 0           ; 0            ; 0       ; 0         ; 0    ; 0            ; |target1|alu8:ALU_ADD                                                                                    ; alu8                ; work         ;
;       |alu1:\GEN_ALU:1:ALU_MIDDLE:ALU_MIDDLE_INST| ; 1 (1)               ; 0 (0)                     ; 0           ; 0            ; 0       ; 0         ; 0    ; 0            ; |target1|alu8:ALU_ADD|alu1:\GEN_ALU:1:ALU_MIDDLE:ALU_MIDDLE_INST                                         ; alu1                ; work         ;
;       |alu1:\GEN_ALU:3:ALU_MIDDLE:ALU_MIDDLE_INST| ; 1 (1)               ; 0 (0)                     ; 0           ; 0            ; 0       ; 0         ; 0    ; 0            ; |target1|alu8:ALU_ADD|alu1:\GEN_ALU:3:ALU_MIDDLE:ALU_MIDDLE_INST                                         ; alu1                ; work         ;
;       |alu1:\GEN_ALU:4:ALU_MIDDLE:ALU_MIDDLE_INST| ; 1 (1)               ; 0 (0)                     ; 0           ; 0            ; 0       ; 0         ; 0    ; 0            ; |target1|alu8:ALU_ADD|alu1:\GEN_ALU:4:ALU_MIDDLE:ALU_MIDDLE_INST                                         ; alu1                ; work         ;
;       |alu1:\GEN_ALU:5:ALU_MIDDLE:ALU_MIDDLE_INST| ; 1 (1)               ; 0 (0)                     ; 0           ; 0            ; 0       ; 0         ; 0    ; 0            ; |target1|alu8:ALU_ADD|alu1:\GEN_ALU:5:ALU_MIDDLE:ALU_MIDDLE_INST                                         ; alu1                ; work         ;
;       |alu1:\GEN_ALU:7:ALU_MSB:ALU_MSB_INST|       ; 1 (1)               ; 0 (0)                     ; 0           ; 0            ; 0       ; 0         ; 0    ; 0            ; |target1|alu8:ALU_ADD|alu1:\GEN_ALU:7:ALU_MSB:ALU_MSB_INST                                               ; alu1                ; work         ;
;    |alu8:ALU_SLT|                                  ; 6 (0)               ; 0 (0)                     ; 0           ; 0            ; 0       ; 0         ; 0    ; 0            ; |target1|alu8:ALU_SLT                                                                                    ; alu8                ; work         ;
;       |alu1:\GEN_ALU:1:ALU_MIDDLE:ALU_MIDDLE_INST| ; 1 (1)               ; 0 (0)                     ; 0           ; 0            ; 0       ; 0         ; 0    ; 0            ; |target1|alu8:ALU_SLT|alu1:\GEN_ALU:1:ALU_MIDDLE:ALU_MIDDLE_INST                                         ; alu1                ; work         ;
;       |alu1:\GEN_ALU:2:ALU_MIDDLE:ALU_MIDDLE_INST| ; 1 (1)               ; 0 (0)                     ; 0           ; 0            ; 0       ; 0         ; 0    ; 0            ; |target1|alu8:ALU_SLT|alu1:\GEN_ALU:2:ALU_MIDDLE:ALU_MIDDLE_INST                                         ; alu1                ; work         ;
;       |alu1:\GEN_ALU:3:ALU_MIDDLE:ALU_MIDDLE_INST| ; 1 (1)               ; 0 (0)                     ; 0           ; 0            ; 0       ; 0         ; 0    ; 0            ; |target1|alu8:ALU_SLT|alu1:\GEN_ALU:3:ALU_MIDDLE:ALU_MIDDLE_INST                                         ; alu1                ; work         ;
;       |alu1:\GEN_ALU:4:ALU_MIDDLE:ALU_MIDDLE_INST| ; 1 (1)               ; 0 (0)                     ; 0           ; 0            ; 0       ; 0         ; 0    ; 0            ; |target1|alu8:ALU_SLT|alu1:\GEN_ALU:4:ALU_MIDDLE:ALU_MIDDLE_INST                                         ; alu1                ; work         ;
;       |alu1:\GEN_ALU:5:ALU_MIDDLE:ALU_MIDDLE_INST| ; 1 (1)               ; 0 (0)                     ; 0           ; 0            ; 0       ; 0         ; 0    ; 0            ; |target1|alu8:ALU_SLT|alu1:\GEN_ALU:5:ALU_MIDDLE:ALU_MIDDLE_INST                                         ; alu1                ; work         ;
;       |alu1:\GEN_ALU:7:ALU_MSB:ALU_MSB_INST|       ; 1 (1)               ; 0 (0)                     ; 0           ; 0            ; 0       ; 0         ; 0    ; 0            ; |target1|alu8:ALU_SLT|alu1:\GEN_ALU:7:ALU_MSB:ALU_MSB_INST                                               ; alu1                ; work         ;
;    |alu8:ALU_SUBAB|                                ; 1 (0)               ; 0 (0)                     ; 0           ; 0            ; 0       ; 0         ; 0    ; 0            ; |target1|alu8:ALU_SUBAB                                                                                  ; alu8                ; work         ;
;       |alu1:\GEN_ALU:1:ALU_MIDDLE:ALU_MIDDLE_INST| ; 1 (1)               ; 0 (0)                     ; 0           ; 0            ; 0       ; 0         ; 0    ; 0            ; |target1|alu8:ALU_SUBAB|alu1:\GEN_ALU:1:ALU_MIDDLE:ALU_MIDDLE_INST                                       ; alu1                ; work         ;
;    |alu8:ALU_SUBBA|                                ; 15 (0)              ; 0 (0)                     ; 0           ; 0            ; 0       ; 0         ; 0    ; 0            ; |target1|alu8:ALU_SUBBA                                                                                  ; alu8                ; work         ;
;       |alu1:\GEN_ALU:1:ALU_MIDDLE:ALU_MIDDLE_INST| ; 2 (2)               ; 0 (0)                     ; 0           ; 0            ; 0       ; 0         ; 0    ; 0            ; |target1|alu8:ALU_SUBBA|alu1:\GEN_ALU:1:ALU_MIDDLE:ALU_MIDDLE_INST                                       ; alu1                ; work         ;
;       |alu1:\GEN_ALU:2:ALU_MIDDLE:ALU_MIDDLE_INST| ; 2 (2)               ; 0 (0)                     ; 0           ; 0            ; 0       ; 0         ; 0    ; 0            ; |target1|alu8:ALU_SUBBA|alu1:\GEN_ALU:2:ALU_MIDDLE:ALU_MIDDLE_INST                                       ; alu1                ; work         ;
;       |alu1:\GEN_ALU:3:ALU_MIDDLE:ALU_MIDDLE_INST| ; 3 (3)               ; 0 (0)                     ; 0           ; 0            ; 0       ; 0         ; 0    ; 0            ; |target1|alu8:ALU_SUBBA|alu1:\GEN_ALU:3:ALU_MIDDLE:ALU_MIDDLE_INST                                       ; alu1                ; work         ;
;       |alu1:\GEN_ALU:4:ALU_MIDDLE:ALU_MIDDLE_INST| ; 3 (3)               ; 0 (0)                     ; 0           ; 0            ; 0       ; 0         ; 0    ; 0            ; |target1|alu8:ALU_SUBBA|alu1:\GEN_ALU:4:ALU_MIDDLE:ALU_MIDDLE_INST                                       ; alu1                ; work         ;
;       |alu1:\GEN_ALU:5:ALU_MIDDLE:ALU_MIDDLE_INST| ; 2 (2)               ; 0 (0)                     ; 0           ; 0            ; 0       ; 0         ; 0    ; 0            ; |target1|alu8:ALU_SUBBA|alu1:\GEN_ALU:5:ALU_MIDDLE:ALU_MIDDLE_INST                                       ; alu1                ; work         ;
;       |alu1:\GEN_ALU:6:ALU_MIDDLE:ALU_MIDDLE_INST| ; 1 (1)               ; 0 (0)                     ; 0           ; 0            ; 0       ; 0         ; 0    ; 0            ; |target1|alu8:ALU_SUBBA|alu1:\GEN_ALU:6:ALU_MIDDLE:ALU_MIDDLE_INST                                       ; alu1                ; work         ;
;       |alu1:\GEN_ALU:7:ALU_MSB:ALU_MSB_INST|       ; 2 (2)               ; 0 (0)                     ; 0           ; 0            ; 0       ; 0         ; 0    ; 0            ; |target1|alu8:ALU_SUBBA|alu1:\GEN_ALU:7:ALU_MSB:ALU_MSB_INST                                             ; alu1                ; work         ;
;    |hex_to_7seg:H0|                                ; 7 (7)               ; 0 (0)                     ; 0           ; 0            ; 0       ; 0         ; 0    ; 0            ; |target1|hex_to_7seg:H0                                                                                  ; hex_to_7seg         ; work         ;
;    |hex_to_7seg:H1|                                ; 7 (7)               ; 0 (0)                     ; 0           ; 0            ; 0       ; 0         ; 0    ; 0            ; |target1|hex_to_7seg:H1                                                                                  ; hex_to_7seg         ; work         ;
;    |hex_to_7seg:H2|                                ; 7 (7)               ; 0 (0)                     ; 0           ; 0            ; 0       ; 0         ; 0    ; 0            ; |target1|hex_to_7seg:H2                                                                                  ; hex_to_7seg         ; work         ;
;    |hex_to_7seg:H3|                                ; 7 (7)               ; 0 (0)                     ; 0           ; 0            ; 0       ; 0         ; 0    ; 0            ; |target1|hex_to_7seg:H3                                                                                  ; hex_to_7seg         ; work         ;
;    |hex_to_7seg:H4|                                ; 7 (7)               ; 0 (0)                     ; 0           ; 0            ; 0       ; 0         ; 0    ; 0            ; |target1|hex_to_7seg:H4                                                                                  ; hex_to_7seg         ; work         ;
;    |hex_to_7seg:H5|                                ; 7 (7)               ; 0 (0)                     ; 0           ; 0            ; 0       ; 0         ; 0    ; 0            ; |target1|hex_to_7seg:H5                                                                                  ; hex_to_7seg         ; work         ;
;    |lpm_divide:Div0|                               ; 78 (0)              ; 0 (0)                     ; 0           ; 0            ; 0       ; 0         ; 0    ; 0            ; |target1|lpm_divide:Div0                                                                                 ; lpm_divide          ; work         ;
;       |lpm_divide_nhm:auto_generated|              ; 78 (0)              ; 0 (0)                     ; 0           ; 0            ; 0       ; 0         ; 0    ; 0            ; |target1|lpm_divide:Div0|lpm_divide_nhm:auto_generated                                                   ; lpm_divide_nhm      ; work         ;
;          |sign_div_unsign_fkh:divider|             ; 78 (0)              ; 0 (0)                     ; 0           ; 0            ; 0       ; 0         ; 0    ; 0            ; |target1|lpm_divide:Div0|lpm_divide_nhm:auto_generated|sign_div_unsign_fkh:divider                       ; sign_div_unsign_fkh ; work         ;
;             |alt_u_div_i4f:divider|                ; 78 (78)             ; 0 (0)                     ; 0           ; 0            ; 0       ; 0         ; 0    ; 0            ; |target1|lpm_divide:Div0|lpm_divide_nhm:auto_generated|sign_div_unsign_fkh:divider|alt_u_div_i4f:divider ; alt_u_div_i4f       ; work         ;
+----------------------------------------------------+---------------------+---------------------------+-------------+--------------+---------+-----------+------+--------------+----------------------------------------------------------------------------------------------------------+---------------------+--------------+
Note: For table entries with two numbers listed, the numbers in parentheses indicate the number of resources of the given type used by the specific entity alone. The numbers listed outside of parentheses indicate the total resources of the given type used by the specific entity and all of its sub-entities in the hierarchy.


+------------------------------------------------------+
; General Register Statistics                          ;
+----------------------------------------------+-------+
; Statistic                                    ; Value ;
+----------------------------------------------+-------+
; Total registers                              ; 32    ;
; Number of registers using Synchronous Clear  ; 0     ;
; Number of registers using Synchronous Load   ; 0     ;
; Number of registers using Asynchronous Clear ; 32    ;
; Number of registers using Asynchronous Load  ; 0     ;
; Number of registers using Clock Enable       ; 32    ;
; Number of registers using Preset             ; 0     ;
+----------------------------------------------+-------+


+------------------------------------------------------------------------------------------------------------------------------------------+
; Multiplexer Restructuring Statistics (Restructuring Performed)                                                                           ;
+--------------------+-----------+---------------+----------------------+------------------------+------------+----------------------------+
; Multiplexer Inputs ; Bus Width ; Baseline Area ; Area if Restructured ; Saving if Restructured ; Registered ; Example Multiplexer Output ;
+--------------------+-----------+---------------+----------------------+------------------------+------------+----------------------------+
; 4:1                ; 8 bits    ; 16 LEs        ; 16 LEs               ; 0 LEs                  ; No         ; |target1|Mux6              ;
; 4:1                ; 8 bits    ; 16 LEs        ; 16 LEs               ; 0 LEs                  ; No         ; |target1|Mux8              ;
; 17:1               ; 6 bits    ; 66 LEs        ; 36 LEs               ; 30 LEs                 ; No         ; |target1|Mux29             ;
+--------------------+-----------+---------------+----------------------+------------------------+------------+----------------------------+


+------------------------------------------------------------------+
; Parameter Settings for Inferred Entity Instance: lpm_divide:Div0 ;
+------------------------+----------------+------------------------+
; Parameter Name         ; Value          ; Type                   ;
+------------------------+----------------+------------------------+
; LPM_WIDTHN             ; 8              ; Untyped                ;
; LPM_WIDTHD             ; 8              ; Untyped                ;
; LPM_NREPRESENTATION    ; UNSIGNED       ; Untyped                ;
; LPM_DREPRESENTATION    ; UNSIGNED       ; Untyped                ;
; LPM_PIPELINE           ; 0              ; Untyped                ;
; LPM_REMAINDERPOSITIVE  ; TRUE           ; Untyped                ;
; MAXIMIZE_SPEED         ; 5              ; Untyped                ;
; CBXI_PARAMETER         ; lpm_divide_nhm ; Untyped                ;
; CARRY_CHAIN            ; MANUAL         ; Untyped                ;
; OPTIMIZE_FOR_SPEED     ; 5              ; Untyped                ;
; AUTO_CARRY_CHAINS      ; ON             ; AUTO_CARRY             ;
; IGNORE_CARRY_BUFFERS   ; OFF            ; IGNORE_CARRY           ;
; AUTO_CASCADE_CHAINS    ; ON             ; AUTO_CASCADE           ;
; IGNORE_CASCADE_BUFFERS ; OFF            ; IGNORE_CASCADE         ;
+------------------------+----------------+------------------------+
Note: In order to hide this table in the UI and the text report file, please set the "Show Parameter Settings in Synthesis Report" option in "Analysis and Synthesis Settings -> More Settings" to "Off".


+----------------------------------------------------------------------------------------------------------------------+
; Port Connectivity Checks: "alu8:ALU_SLT"                                                                             ;
+------------+--------+----------+-------------------------------------------------------------------------------------+
; Port       ; Type   ; Severity ; Details                                                                             ;
+------------+--------+----------+-------------------------------------------------------------------------------------+
; ctrl[2..0] ; Input  ; Info     ; Stuck at VCC                                                                        ;
; ctrl[3]    ; Input  ; Info     ; Stuck at GND                                                                        ;
; cout       ; Output ; Info     ; Connected to dangling logic. Logic that only feeds a dangling port will be removed. ;
; overflow   ; Output ; Info     ; Connected to dangling logic. Logic that only feeds a dangling port will be removed. ;
+------------+--------+----------+-------------------------------------------------------------------------------------+


+----------------------------------------------------------------------------------------------------------------------+
; Port Connectivity Checks: "alu8:ALU_SUBBA"                                                                           ;
+------------+--------+----------+-------------------------------------------------------------------------------------+
; Port       ; Type   ; Severity ; Details                                                                             ;
+------------+--------+----------+-------------------------------------------------------------------------------------+
; ctrl[2..1] ; Input  ; Info     ; Stuck at VCC                                                                        ;
; ctrl[3]    ; Input  ; Info     ; Stuck at GND                                                                        ;
; ctrl[0]    ; Input  ; Info     ; Stuck at GND                                                                        ;
; cout       ; Output ; Info     ; Connected to dangling logic. Logic that only feeds a dangling port will be removed. ;
; overflow   ; Output ; Info     ; Connected to dangling logic. Logic that only feeds a dangling port will be removed. ;
+------------+--------+----------+-------------------------------------------------------------------------------------+


+----------------------------------------------------------------------------------------------------------------------+
; Port Connectivity Checks: "alu8:ALU_SUBAB"                                                                           ;
+------------+--------+----------+-------------------------------------------------------------------------------------+
; Port       ; Type   ; Severity ; Details                                                                             ;
+------------+--------+----------+-------------------------------------------------------------------------------------+
; ctrl[2..1] ; Input  ; Info     ; Stuck at VCC                                                                        ;
; ctrl[3]    ; Input  ; Info     ; Stuck at GND                                                                        ;
; ctrl[0]    ; Input  ; Info     ; Stuck at GND                                                                        ;
; cout       ; Output ; Info     ; Connected to dangling logic. Logic that only feeds a dangling port will be removed. ;
; overflow   ; Output ; Info     ; Connected to dangling logic. Logic that only feeds a dangling port will be removed. ;
+------------+--------+----------+-------------------------------------------------------------------------------------+


+--------------------------------------------------------------------------------------------------------------------+
; Port Connectivity Checks: "alu8:ALU_AND"                                                                           ;
+----------+--------+----------+-------------------------------------------------------------------------------------+
; Port     ; Type   ; Severity ; Details                                                                             ;
+----------+--------+----------+-------------------------------------------------------------------------------------+
; ctrl     ; Input  ; Info     ; Stuck at GND                                                                        ;
; cout     ; Output ; Info     ; Connected to dangling logic. Logic that only feeds a dangling port will be removed. ;
; overflow ; Output ; Info     ; Connected to dangling logic. Logic that only feeds a dangling port will be removed. ;
+----------+--------+----------+-------------------------------------------------------------------------------------+


+--------------------------------------------------------------------------------------------------------------------+
; Port Connectivity Checks: "alu8:ALU_ADD|alu1:\GEN_ALU:8:ALU_LAST:ALU_LAST_INST"                                    ;
+----------+--------+----------+-------------------------------------------------------------------------------------+
; Port     ; Type   ; Severity ; Details                                                                             ;
+----------+--------+----------+-------------------------------------------------------------------------------------+
; cout     ; Output ; Info     ; Connected to dangling logic. Logic that only feeds a dangling port will be removed. ;
; set      ; Output ; Info     ; Connected to dangling logic. Logic that only feeds a dangling port will be removed. ;
; overflow ; Output ; Info     ; Connected to dangling logic. Logic that only feeds a dangling port will be removed. ;
+----------+--------+----------+-------------------------------------------------------------------------------------+


+-------------------------------------------------------------------------------+
; Port Connectivity Checks: "alu8:ALU_ADD|alu1:\GEN_ALU:7:ALU_MSB:ALU_MSB_INST" ;
+------+-------+----------+-----------------------------------------------------+
; Port ; Type  ; Severity ; Details                                             ;
+------+-------+----------+-----------------------------------------------------+
; less ; Input ; Info     ; Stuck at GND                                        ;
+------+-------+----------+-----------------------------------------------------+


+--------------------------------------------------------------------------------------------------------------------+
; Port Connectivity Checks: "alu8:ALU_ADD|alu1:\GEN_ALU:6:ALU_MIDDLE:ALU_MIDDLE_INST"                                ;
+----------+--------+----------+-------------------------------------------------------------------------------------+
; Port     ; Type   ; Severity ; Details                                                                             ;
+----------+--------+----------+-------------------------------------------------------------------------------------+
; less     ; Input  ; Info     ; Stuck at GND                                                                        ;
; set      ; Output ; Info     ; Connected to dangling logic. Logic that only feeds a dangling port will be removed. ;
; overflow ; Output ; Info     ; Connected to dangling logic. Logic that only feeds a dangling port will be removed. ;
+----------+--------+----------+-------------------------------------------------------------------------------------+


+--------------------------------------------------------------------------------------------------------------------+
; Port Connectivity Checks: "alu8:ALU_ADD|alu1:\GEN_ALU:5:ALU_MIDDLE:ALU_MIDDLE_INST"                                ;
+----------+--------+----------+-------------------------------------------------------------------------------------+
; Port     ; Type   ; Severity ; Details                                                                             ;
+----------+--------+----------+-------------------------------------------------------------------------------------+
; less     ; Input  ; Info     ; Stuck at GND                                                                        ;
; set      ; Output ; Info     ; Connected to dangling logic. Logic that only feeds a dangling port will be removed. ;
; overflow ; Output ; Info     ; Connected to dangling logic. Logic that only feeds a dangling port will be removed. ;
+----------+--------+----------+-------------------------------------------------------------------------------------+


+--------------------------------------------------------------------------------------------------------------------+
; Port Connectivity Checks: "alu8:ALU_ADD|alu1:\GEN_ALU:4:ALU_MIDDLE:ALU_MIDDLE_INST"                                ;
+----------+--------+----------+-------------------------------------------------------------------------------------+
; Port     ; Type   ; Severity ; Details                                                                             ;
+----------+--------+----------+-------------------------------------------------------------------------------------+
; less     ; Input  ; Info     ; Stuck at GND                                                                        ;
; set      ; Output ; Info     ; Connected to dangling logic. Logic that only feeds a dangling port will be removed. ;
; overflow ; Output ; Info     ; Connected to dangling logic. Logic that only feeds a dangling port will be removed. ;
+----------+--------+----------+-------------------------------------------------------------------------------------+


+--------------------------------------------------------------------------------------------------------------------+
; Port Connectivity Checks: "alu8:ALU_ADD|alu1:\GEN_ALU:3:ALU_MIDDLE:ALU_MIDDLE_INST"                                ;
+----------+--------+----------+-------------------------------------------------------------------------------------+
; Port     ; Type   ; Severity ; Details                                                                             ;
+----------+--------+----------+-------------------------------------------------------------------------------------+
; less     ; Input  ; Info     ; Stuck at GND                                                                        ;
; set      ; Output ; Info     ; Connected to dangling logic. Logic that only feeds a dangling port will be removed. ;
; overflow ; Output ; Info     ; Connected to dangling logic. Logic that only feeds a dangling port will be removed. ;
+----------+--------+----------+-------------------------------------------------------------------------------------+


+--------------------------------------------------------------------------------------------------------------------+
; Port Connectivity Checks: "alu8:ALU_ADD|alu1:\GEN_ALU:2:ALU_MIDDLE:ALU_MIDDLE_INST"                                ;
+----------+--------+----------+-------------------------------------------------------------------------------------+
; Port     ; Type   ; Severity ; Details                                                                             ;
+----------+--------+----------+-------------------------------------------------------------------------------------+
; less     ; Input  ; Info     ; Stuck at GND                                                                        ;
; set      ; Output ; Info     ; Connected to dangling logic. Logic that only feeds a dangling port will be removed. ;
; overflow ; Output ; Info     ; Connected to dangling logic. Logic that only feeds a dangling port will be removed. ;
+----------+--------+----------+-------------------------------------------------------------------------------------+


+--------------------------------------------------------------------------------------------------------------------+
; Port Connectivity Checks: "alu8:ALU_ADD|alu1:\GEN_ALU:1:ALU_MIDDLE:ALU_MIDDLE_INST"                                ;
+----------+--------+----------+-------------------------------------------------------------------------------------+
; Port     ; Type   ; Severity ; Details                                                                             ;
+----------+--------+----------+-------------------------------------------------------------------------------------+
; less     ; Input  ; Info     ; Stuck at GND                                                                        ;
; set      ; Output ; Info     ; Connected to dangling logic. Logic that only feeds a dangling port will be removed. ;
; overflow ; Output ; Info     ; Connected to dangling logic. Logic that only feeds a dangling port will be removed. ;
+----------+--------+----------+-------------------------------------------------------------------------------------+


+--------------------------------------------------------------------------------------------------------------------+
; Port Connectivity Checks: "alu8:ALU_ADD|alu1:\GEN_ALU:0:ALU_LSB:ALU_LSB_INST"                                      ;
+----------+--------+----------+-------------------------------------------------------------------------------------+
; Port     ; Type   ; Severity ; Details                                                                             ;
+----------+--------+----------+-------------------------------------------------------------------------------------+
; less     ; Input  ; Info     ; Stuck at GND                                                                        ;
; res      ; Output ; Info     ; Connected to dangling logic. Logic that only feeds a dangling port will be removed. ;
; set      ; Output ; Info     ; Connected to dangling logic. Logic that only feeds a dangling port will be removed. ;
; overflow ; Output ; Info     ; Connected to dangling logic. Logic that only feeds a dangling port will be removed. ;
+----------+--------+----------+-------------------------------------------------------------------------------------+


+----------------------------------------------------------------------------------------------------------------------+
; Port Connectivity Checks: "alu8:ALU_ADD"                                                                             ;
+------------+--------+----------+-------------------------------------------------------------------------------------+
; Port       ; Type   ; Severity ; Details                                                                             ;
+------------+--------+----------+-------------------------------------------------------------------------------------+
; ctrl[3..2] ; Input  ; Info     ; Stuck at GND                                                                        ;
; ctrl[1]    ; Input  ; Info     ; Stuck at VCC                                                                        ;
; ctrl[0]    ; Input  ; Info     ; Stuck at GND                                                                        ;
; cout       ; Output ; Info     ; Connected to dangling logic. Logic that only feeds a dangling port will be removed. ;
; overflow   ; Output ; Info     ; Connected to dangling logic. Logic that only feeds a dangling port will be removed. ;
+------------+--------+----------+-------------------------------------------------------------------------------------+


+-----------------------------------------------------+
; Post-Synthesis Netlist Statistics for Top Partition ;
+-----------------------+-----------------------------+
; Type                  ; Count                       ;
+-----------------------+-----------------------------+
; boundary_port         ; 76                          ;
; cycloneiii_ff         ; 32                          ;
;     ENA CLR           ; 32                          ;
; cycloneiii_lcell_comb ; 250                         ;
;     arith             ; 33                          ;
;         3 data inputs ; 33                          ;
;     normal            ; 217                         ;
;         0 data inputs ; 6                           ;
;         2 data inputs ; 13                          ;
;         3 data inputs ; 45                          ;
;         4 data inputs ; 153                         ;
;                       ;                             ;
; Max LUT depth         ; 20.60                       ;
; Average LUT depth     ; 13.24                       ;
+-----------------------+-----------------------------+


+-------------------------------+
; Elapsed Time Per Partition    ;
+----------------+--------------+
; Partition Name ; Elapsed Time ;
+----------------+--------------+
; Top            ; 00:00:02     ;
+----------------+--------------+


+-------------------------------+
; Analysis & Synthesis Messages ;
+-------------------------------+
Info: *******************************************************************
Info: Running Quartus Prime Analysis & Synthesis
    Info: Version 25.1std.0 Build 1129 10/21/2025 SC Lite Edition
    Info: Processing started: Wed Jun 10 09:24:19 2026
Info: Command: quartus_map --read_settings_files=on --write_settings_files=off target1 -c target1
Warning (18236): Number of processors has not been specified which may cause overloading on shared machines.  Set the global assignment NUM_PARALLEL_PROCESSORS in your QSF to an appropriate value for best performance.
Info (20030): Parallel compilation is enabled and will use 16 of the 20 processors detected
Info (12021): Found 10 design units, including 4 entities, in source file adder_pkg.vhd
    Info (12022): Found design unit 1: adder_pkg File: C:/Users/User/micro2026/Lab09/target1/adder_pkg.vhd Line: 4
    Info (12022): Found design unit 2: adder_pkg-body File: C:/Users/User/micro2026/Lab09/target1/adder_pkg.vhd Line: 45
    Info (12022): Found design unit 3: adder1-func File: C:/Users/User/micro2026/Lab09/target1/adder_pkg.vhd Line: 57
    Info (12022): Found design unit 4: adder4-structural File: C:/Users/User/micro2026/Lab09/target1/adder_pkg.vhd Line: 76
    Info (12022): Found design unit 5: adder8-Structural File: C:/Users/User/micro2026/Lab09/target1/adder_pkg.vhd Line: 100
    Info (12022): Found design unit 6: bcd_adder4-structural File: C:/Users/User/micro2026/Lab09/target1/adder_pkg.vhd Line: 128
    Info (12023): Found entity 1: adder1 File: C:/Users/User/micro2026/Lab09/target1/adder_pkg.vhd Line: 50
    Info (12023): Found entity 2: adder4 File: C:/Users/User/micro2026/Lab09/target1/adder_pkg.vhd Line: 66
    Info (12023): Found entity 3: adder8 File: C:/Users/User/micro2026/Lab09/target1/adder_pkg.vhd Line: 90
    Info (12023): Found entity 4: bcd_adder4 File: C:/Users/User/micro2026/Lab09/target1/adder_pkg.vhd Line: 118
Info (12021): Found 3 design units, including 1 entities, in source file shift_reg_pkg.vhd
    Info (12022): Found design unit 1: shift_reg_pkg File: C:/Users/User/micro2026/Lab09/target1/shift_reg_pkg.vhd Line: 5
    Info (12022): Found design unit 2: shift_register-structural File: C:/Users/User/micro2026/Lab09/target1/shift_reg_pkg.vhd Line: 38
    Info (12023): Found entity 1: shift_register File: C:/Users/User/micro2026/Lab09/target1/shift_reg_pkg.vhd Line: 25
Info (12021): Found 4 design units, including 1 entities, in source file sevenseg_pkg.vhd
    Info (12022): Found design unit 1: sevenseg_pkg File: C:/Users/User/micro2026/Lab09/target1/sevenseg_pkg.vhd Line: 4
    Info (12022): Found design unit 2: sevenseg_pkg-body File: C:/Users/User/micro2026/Lab09/target1/sevenseg_pkg.vhd Line: 13
    Info (12022): Found design unit 3: hex_to_7seg-structural File: C:/Users/User/micro2026/Lab09/target1/sevenseg_pkg.vhd Line: 27
    Info (12023): Found entity 1: hex_to_7seg File: C:/Users/User/micro2026/Lab09/target1/sevenseg_pkg.vhd Line: 20
Info (12021): Found 3 design units, including 1 entities, in source file divider_pkg.vhd
    Info (12022): Found design unit 1: divider_pkg File: C:/Users/User/micro2026/Lab09/target1/divider_pkg.vhd Line: 7
    Info (12022): Found design unit 2: divider-logicfunc File: C:/Users/User/micro2026/Lab09/target1/divider_pkg.vhd Line: 37
    Info (12023): Found entity 1: divider File: C:/Users/User/micro2026/Lab09/target1/divider_pkg.vhd Line: 26
Info (12021): Found 5 design units, including 2 entities, in source file alu_pkg.vhd
    Info (12022): Found design unit 1: alu_pkg File: C:/Users/User/micro2026/Lab09/target1/alu_pkg.vhd Line: 4
    Info (12022): Found design unit 2: alu1-structural File: C:/Users/User/micro2026/Lab09/target1/alu_pkg.vhd Line: 49
    Info (12022): Found design unit 3: alu8-structural File: C:/Users/User/micro2026/Lab09/target1/alu_pkg.vhd Line: 87
    Info (12023): Found entity 1: alu1 File: C:/Users/User/micro2026/Lab09/target1/alu_pkg.vhd Line: 35
    Info (12023): Found entity 2: alu8 File: C:/Users/User/micro2026/Lab09/target1/alu_pkg.vhd Line: 76
Info (12021): Found 2 design units, including 1 entities, in source file target1.vhd
    Info (12022): Found design unit 1: target1-structural File: C:/Users/User/micro2026/Lab09/target1/target1.vhd Line: 23
    Info (12023): Found entity 1: target1 File: C:/Users/User/micro2026/Lab09/target1/target1.vhd Line: 8
Info (12127): Elaborating entity "target1" for the top level hierarchy
Info (12128): Elaborating entity "alu8" for hierarchy "alu8:ALU_ADD" File: C:/Users/User/micro2026/Lab09/target1/target1.vhd Line: 78
Info (12128): Elaborating entity "alu1" for hierarchy "alu8:ALU_ADD|alu1:\GEN_ALU:0:ALU_LSB:ALU_LSB_INST" File: C:/Users/User/micro2026/Lab09/target1/alu_pkg.vhd Line: 95
Info (12128): Elaborating entity "hex_to_7seg" for hierarchy "hex_to_7seg:H0" File: C:/Users/User/micro2026/Lab09/target1/target1.vhd Line: 120
Info (278001): Inferred 1 megafunctions from design logic
    Info (278004): Inferred divider/modulo megafunction ("lpm_divide") from the following logic: "Div0" File: C:/Users/User/micro2026/Lab09/target1/target1.vhd Line: 86
Info (12130): Elaborated megafunction instantiation "lpm_divide:Div0" File: C:/Users/User/micro2026/Lab09/target1/target1.vhd Line: 86
Info (12133): Instantiated megafunction "lpm_divide:Div0" with the following parameter: File: C:/Users/User/micro2026/Lab09/target1/target1.vhd Line: 86
    Info (12134): Parameter "LPM_WIDTHN" = "8"
    Info (12134): Parameter "LPM_WIDTHD" = "8"
    Info (12134): Parameter "LPM_NREPRESENTATION" = "UNSIGNED"
    Info (12134): Parameter "LPM_DREPRESENTATION" = "UNSIGNED"
Info (12021): Found 1 design units, including 1 entities, in source file db/lpm_divide_nhm.tdf
    Info (12023): Found entity 1: lpm_divide_nhm File: C:/Users/User/micro2026/Lab09/target1/db/lpm_divide_nhm.tdf Line: 25
Info (12021): Found 1 design units, including 1 entities, in source file db/sign_div_unsign_fkh.tdf
    Info (12023): Found entity 1: sign_div_unsign_fkh File: C:/Users/User/micro2026/Lab09/target1/db/sign_div_unsign_fkh.tdf Line: 25
Info (12021): Found 1 design units, including 1 entities, in source file db/alt_u_div_i4f.tdf
    Info (12023): Found entity 1: alt_u_div_i4f File: C:/Users/User/micro2026/Lab09/target1/db/alt_u_div_i4f.tdf Line: 27
Info (12021): Found 1 design units, including 1 entities, in source file db/add_sub_7pc.tdf
    Info (12023): Found entity 1: add_sub_7pc File: C:/Users/User/micro2026/Lab09/target1/db/add_sub_7pc.tdf Line: 23
Info (12021): Found 1 design units, including 1 entities, in source file db/add_sub_8pc.tdf
    Info (12023): Found entity 1: add_sub_8pc File: C:/Users/User/micro2026/Lab09/target1/db/add_sub_8pc.tdf Line: 23
Info (286030): Timing-Driven Synthesis is running
Warning (20013): Ignored 24 assignments for entity "packages" -- entity does not exist in design
    Warning (20014): Assignment for entity set_instance_assignment -name PARTITION_HIERARCHY root_partition -to | -entity packages -section_id Top was ignored
    Warning (20014): Assignment for entity set_global_assignment -name PARTITION_NETLIST_TYPE SOURCE -entity packages -section_id Top was ignored
    Warning (20014): Assignment for entity set_global_assignment -name PARTITION_FITTER_PRESERVATION_LEVEL PLACEMENT_AND_ROUTING -entity packages -section_id Top was ignored
    Warning (20014): Assignment for entity set_global_assignment -name PARTITION_PRESERVE_HIGH_SPEED_TILES ON -entity packages -section_id Top was ignored
    Warning (20014): Assignment for entity set_global_assignment -name PARTITION_IGNORE_SOURCE_FILE_CHANGES OFF -entity packages -section_id Top was ignored
    Warning (20014): Assignment for entity set_global_assignment -name PARTITION_ALWAYS_USE_QXP_NETLIST OFF -entity packages -section_id Top was ignored
    Warning (20014): Assignment for entity set_global_assignment -name PARTITION_COLOR 16764057 -entity packages -section_id Top was ignored
    Warning (20014): Assignment for entity set_global_assignment -name PARTITION_IMPORT_ASSIGNMENTS ON -entity packages -section_id Top was ignored
    Warning (20014): Assignment for entity set_global_assignment -name PARTITION_IMPORT_EXISTING_ASSIGNMENTS REPLACE_CONFLICTING -entity packages -section_id Top was ignored
    Warning (20014): Assignment for entity set_global_assignment -name PARTITION_IMPORT_EXISTING_LOGICLOCK_REGIONS UPDATE_CONFLICTING -entity packages -section_id Top was ignored
    Warning (20014): Assignment for entity set_global_assignment -name PARTITION_IMPORT_PIN_ASSIGNMENTS ON -entity packages -section_id Top was ignored
    Warning (20014): Assignment for entity set_global_assignment -name PARTITION_IMPORT_PROMOTE_ASSIGNMENTS ON -entity packages -section_id Top was ignored
    Warning (20014): Assignment for entity set_global_assignment -name PARTITION_TYPE STANDARD_PARTITION -entity packages -section_id Top was ignored
    Warning (20014): Assignment for entity set_global_assignment -name ALLOW_MULTIPLE_PERSONAS OFF -entity packages -section_id Top was ignored
    Warning (20014): Assignment for entity set_global_assignment -name PARTITION_ASD_REGION_ID 1 -entity packages -section_id Top was ignored
    Warning (20014): Assignment for entity set_global_assignment -name CROSS_BOUNDARY_OPTIMIZATIONS OFF -entity packages -section_id Top was ignored
    Warning (20014): Assignment for entity set_global_assignment -name PROPAGATE_CONSTANTS_ON_INPUTS ON -entity packages -section_id Top was ignored
    Warning (20014): Assignment for entity set_global_assignment -name PROPAGATE_INVERSIONS_ON_INPUTS ON -entity packages -section_id Top was ignored
    Warning (20014): Assignment for entity set_global_assignment -name REMOVE_LOGIC_ON_UNCONNECTED_OUTPUTS ON -entity packages -section_id Top was ignored
    Warning (20014): Assignment for entity set_global_assignment -name MERGE_EQUIVALENT_INPUTS ON -entity packages -section_id Top was ignored
    Warning (20014): Assignment for entity set_global_assignment -name MERGE_EQUIVALENT_BIDIRS ON -entity packages -section_id Top was ignored
    Warning (20014): Assignment for entity set_global_assignment -name ABSORB_PATHS_FROM_OUTPUTS_TO_INPUTS ON -entity packages -section_id Top was ignored
    Warning (20014): Assignment for entity set_global_assignment -name PARTITION_EXTRACT_HARD_BLOCK_NODES ON -entity packages -section_id Top was ignored
    Warning (20014): Assignment for entity set_global_assignment -name PARTITION_ENABLE_STRICT_PRESERVATION OFF -entity packages -section_id Top was ignored
Info (16010): Generating hard_block partition "hard_block:auto_generated_inst"
    Info (16011): Adding 0 node(s), including 0 DDIO, 0 PLL, 0 transceiver and 0 LCELL
Info (21057): Implemented 358 device resources after synthesis - the final resource count might be different
    Info (21058): Implemented 18 input pins
    Info (21059): Implemented 58 output pins
    Info (21061): Implemented 282 logic cells
Info: Quartus Prime Analysis & Synthesis was successful. 0 errors, 26 warnings
    Info: Peak virtual memory: 4943 megabytes
    Info: Processing ended: Wed Jun 10 09:24:30 2026
    Info: Elapsed time: 00:00:11
    Info: Total CPU time (on all processors): 00:00:26


