------------------------------------------------------------
Timing Analyzer Summary
------------------------------------------------------------

Type  : Slow 1200mV 85C Model Setup 'KEY[0]'
Slack : -4.092
TNS   : -300.754

Type  : Slow 1200mV 85C Model Hold 'KEY[0]'
Slack : 0.440
TNS   : 0.000

Type  : Slow 1200mV 85C Model Recovery 'KEY[0]'
Slack : -1.896
TNS   : -50.383

Type  : Slow 1200mV 85C Model Removal 'KEY[0]'
Slack : 2.256
TNS   : 0.000

Type  : Slow 1200mV 85C Model Minimum Pulse Width 'KEY[0]'
Slack : -3.000
TNS   : -144.350

Type  : Slow 1200mV 0C Model Setup 'KEY[0]'
Slack : -3.621
TNS   : -266.237

Type  : Slow 1200mV 0C Model Hold 'KEY[0]'
Slack : 0.387
TNS   : 0.000

Type  : Slow 1200mV 0C Model Recovery 'KEY[0]'
Slack : -1.551
TNS   : -41.303

Type  : Slow 1200mV 0C Model Removal 'KEY[0]'
Slack : 1.993
TNS   : 0.000

Type  : Slow 1200mV 0C Model Minimum Pulse Width 'KEY[0]'
Slack : -3.000
TNS   : -144.350

Type  : Fast 1200mV 0C Model Setup 'KEY[0]'
Slack : -1.490
TNS   : -92.530

Type  : Fast 1200mV 0C Model Hold 'KEY[0]'
Slack : 0.201
TNS   : 0.000

Type  : Fast 1200mV 0C Model Recovery 'KEY[0]'
Slack : -0.590
TNS   : -15.093

Type  : Fast 1200mV 0C Model Removal 'KEY[0]'
Slack : 1.208
TNS   : 0.000

Type  : Fast 1200mV 0C Model Minimum Pulse Width 'KEY[0]'
Slack : -3.000
TNS   : -128.256

------------------------------------------------------------
